// Jest Snapshot v1, https://goo.gl/fbAQLP

exports[`<FollowersList> should render component 1`] = `
<DocumentFragment>
  <div
    class="css-818d2q"
  >
    <h1
      class="font-normal css-qhut37"
    >
      Followers
    </h1>
    <div
      class="flex flex-wrap space-x-4"
    >
      <div
        class="m-4"
      />
      <div
        class="m-4"
      />
    </div>
  </div>
</DocumentFragment>
`;

exports[`<FollowersList> should render component with props 1`] = `
<DocumentFragment>
  <div
    class="css-818d2q"
  >
    <h1
      class="font-normal css-qhut37"
    >
      Followers
    </h1>
    <div
      class="flex flex-wrap space-x-4"
    >
      <div
        class="m-4"
      />
      <div
        class="m-4"
      />
    </div>
  </div>
</DocumentFragment>
`;
